src/pages/PracticePage.tsx(80,29): error TS2345: Argument of type 'unknown[]' is not assignable to parameter of type 'SetStateAction<string[]>'.
  Type 'unknown[]' is not assignable to type 'string[]'.
    Type 'unknown' is not assignable to type 'string'.
